// Jest Snapshot v1, https://goo.gl/fbAQLP

exports[`#Root render 1`] = `
<ForwardRef
  theme={
    Object {
      "colors": Object {
        "primary": "deepskyblue",
      },
      "name": "Reactizer",
    }
  }
>
  <ForwardRef>
    Reactizer "en"
  </ForwardRef>
  <Text
    html={false}
    t="Do you even lift?"
  />
</ForwardRef>
`;
