// Jest Snapshot v1, https://goo.gl/fbAQLP

exports[`#Root render 1`] = `
<ForwardRef
  theme={
    Object {
      "colors": Object {
        "primary": "deepskyblue",
      },
      "name": "Reactizer",
    }
  }
>
  <GlobalStyleComponent
    suppressMultiMountWarning={false}
  />
  <ForwardRef>
    Reactizer "en"
  </ForwardRef>
  <Text
    html={false}
    t="Do you even lift?"
    values={Object {}}
  />
  <ForwardRef
    href="/?theme=alt"
  >
    <Text
      html={false}
      t="Switch theme"
      values={Object {}}
    />
  </ForwardRef>
  <ForwardRef
    href="/?locale=de"
  >
    <Text
      html={false}
      t="Switch locale"
      values={Object {}}
    />
  </ForwardRef>
</ForwardRef>
`;
